// Jest Snapshot v1, https://goo.gl/fbAQLP

exports[`LoadingScreen should render like the snapshot 1`] = `
<div
  className="makeStyles-root-1"
>
  <Component
    color="#fff"
    loading={true}
    size={64}
    sizeUnit="px"
  />
</div>
`;
