// Jest Snapshot v1, https://goo.gl/fbAQLP

exports[`desktop RouteDetails renders a basic route 1`] = `
<div>
  <div
    class="makeStyles-paper-6"
  >
    <div
      class="MuiPaper-root MuiPaper-elevation1 MuiPaper-rounded"
    >
      <div
        class="makeStyles-upper-2"
      >
        <div
          class="makeStyles-badge-3"
        >
          <div
            class="makeStyles-badge-37"
          >
            <img
              alt="Watopia"
              class="makeStyles-badge-37"
              src="Watopia.png"
            />
          </div>
        </div>
        <div
          class="makeStyles-info-4"
        >
          <h4
            class="MuiTypography-root MuiTypography-h4"
          >
            The Pretzel
          </h4>
          <div
            class="makeStyles-iconContainer-68"
            style="font-size: 1.5rem;"
          >
            <div
              aria-label="Cycling"
              class="makeStyles-icon-69"
              title="Cycling"
            >
              <svg
                aria-hidden="true"
                class="MuiSvgIcon-root"
                data-testid="cycling-icon"
                focusable="false"
                role="presentation"
                viewBox="0 0 24 24"
              >
                <path
                  d="M15.5 5.5c1.1 0 2-.9 2-2s-.9-2-2-2-2 .9-2 2 .9 2 2 2zM5 12c-2.8 0-5 2.2-5 5s2.2 5 5 5 5-2.2 5-5-2.2-5-5-5zm0 8.5c-1.9 0-3.5-1.6-3.5-3.5s1.6-3.5 3.5-3.5 3.5 1.6 3.5 3.5-1.6 3.5-3.5 3.5zm5.8-10l2.4-2.4.8.8c1.3 1.3 3 2.1 5.1 2.1V9c-1.5 0-2.7-.6-3.6-1.5l-1.9-1.9c-.5-.4-1-.6-1.6-.6s-1.1.2-1.4.6L7.8 8.4c-.4.4-.6.9-.6 1.4 0 .6.2 1.1.6 1.4L11 14v5h2v-6.2l-2.2-2.3zM19 12c-2.8 0-5 2.2-5 5s2.2 5 5 5 5-2.2 5-5-2.2-5-5-5zm0 8.5c-1.9 0-3.5-1.6-3.5-3.5s1.6-3.5 3.5-3.5 3.5 1.6 3.5 3.5-1.6 3.5-3.5 3.5z"
                />
              </svg>
            </div>
            <div
              aria-label="Running"
              class="makeStyles-icon-69"
              title="Running"
            >
              <svg
                aria-hidden="true"
                class="MuiSvgIcon-root"
                data-testid="running-icon"
                focusable="false"
                role="presentation"
                viewBox="0 0 24 24"
              >
                <path
                  d="M13.49 5.48c1.1 0 2-.9 2-2s-.9-2-2-2-2 .9-2 2 .9 2 2 2zm-3.6 13.9l1-4.4 2.1 2v6h2v-7.5l-2.1-2 .6-3c1.3 1.5 3.3 2.5 5.5 2.5v-2c-1.9 0-3.5-1-4.3-2.4l-1-1.6c-.4-.6-1-1-1.7-1-.3 0-.5.1-.8.1l-5.2 2.2v4.7h2v-3.4l1.8-.7-1.6 8.1-4.9-1-.4 2 7 1.4z"
                />
              </svg>
            </div>
          </div>
          <div
            class="makeStyles-links-5"
          >
            <div
              class="makeStyles-zwiftInsiderLink-7"
            >
              <a
                href="http://zwiftinsider.com/the-pretzel/"
                rel="noopener noreferrer"
                target="_blank"
              >
                <img
                  alt="Zwift Insider"
                  src="zwiftinsider.png"
                  style="height: 2rem; width: 2rem;"
                />
              </a>
            </div>
            <div
              class="makeStyles-completedLink-8"
            >
              <button
                class="MuiButtonBase-root MuiIconButton-root"
                data-testid="completed-button"
                tabindex="0"
                type="button"
              >
                <span
                  class="MuiIconButton-label"
                >
                  <svg
                    aria-hidden="true"
                    class="MuiSvgIcon-root MuiSvgIcon-fontSizeLarge"
                    data-testid="not-completed-icon"
                    focusable="false"
                    role="presentation"
                    style="color: rgb(158, 158, 158);"
                    viewBox="0 0 24 24"
                  >
                    <path
                      d="M12 2C6.47 2 2 6.47 2 12s4.47 10 10 10 10-4.47 10-10S17.53 2 12 2zm0 18c-4.41 0-8-3.59-8-8s3.59-8 8-8 8 3.59 8 8-3.59 8-8 8zm3.59-13L12 10.59 8.41 7 7 8.41 10.59 12 7 15.59 8.41 17 12 13.41 15.59 17 17 15.59 13.41 12 17 8.41z"
                    />
                  </svg>
                </span>
                <span
                  class="MuiTouchRipple-root"
                />
              </button>
            </div>
          </div>
        </div>
      </div>
      <div
        class="makeStyles-lower-1"
      >
        <div
          class="MuiPaper-root MuiTableContainer-root MuiPaper-elevation1 MuiPaper-rounded"
        >
          <table
            class="MuiTable-root makeStyles-table-103"
          >
            <thead
              class="MuiTableHead-root"
            >
              <tr
                class="MuiTableRow-root MuiTableRow-head"
              >
                <th
                  class="MuiTableCell-root MuiTableCell-head"
                  scope="col"
                >
                  Â 
                </th>
                <th
                  class="MuiTableCell-root MuiTableCell-head MuiTableCell-alignCenter"
                  scope="col"
                >
                  Distance
                </th>
                <th
                  class="MuiTableCell-root MuiTableCell-head MuiTableCell-alignCenter"
                  scope="col"
                >
                  Elevation
                </th>
              </tr>
            </thead>
            <tbody
              class="MuiTableBody-root"
            >
              <tr
                class="MuiTableRow-root"
              >
                <td
                  class="MuiTableCell-root MuiTableCell-body"
                >
                  Lead in
                </td>
                <td
                  class="MuiTableCell-root MuiTableCell-body MuiTableCell-alignCenter"
                >
                  0.0km
                </td>
                <td
                  class="MuiTableCell-root MuiTableCell-body MuiTableCell-alignCenter"
                >
                  0m
                </td>
              </tr>
              <tr
                class="MuiTableRow-root"
              >
                <td
                  class="MuiTableCell-root MuiTableCell-body"
                >
                  Route
                </td>
                <td
                  class="MuiTableCell-root MuiTableCell-body MuiTableCell-alignCenter"
                >
                  72.4km
                </td>
                <td
                  class="MuiTableCell-root MuiTableCell-body MuiTableCell-alignCenter"
                >
                  1360m
                </td>
              </tr>
              <tr
                class="MuiTableRow-root"
              >
                <td
                  class="MuiTableCell-root MuiTableCell-body"
                >
                  Total
                </td>
                <td
                  class="MuiTableCell-root MuiTableCell-body MuiTableCell-alignCenter"
                >
                  72.4km
                </td>
                <td
                  class="MuiTableCell-root MuiTableCell-body MuiTableCell-alignCenter"
                >
                  1360m
                </td>
              </tr>
              <tr
                class="MuiTableRow-root"
              >
                <td
                  class="MuiTableCell-root MuiTableCell-body"
                >
                  Difficulty
                </td>
                <td
                  class="MuiTableCell-root MuiTableCell-body MuiTableCell-alignCenter"
                  colspan="2"
                >
                  34.53
                </td>
              </tr>
            </tbody>
          </table>
        </div>
      </div>
    </div>
  </div>
</div>
`;
